// Jest Snapshot v1, https://goo.gl/fbAQLP

exports[`<Header /> 정상적으로 렌더링되는지 확인한다 1`] = `
.c0 {
  display: -webkit-box;
  display: -webkit-flex;
  display: -ms-flexbox;
  display: flex;
  padding: 0 35px;
  height: 70px;
  -webkit-align-items: center;
  -webkit-box-align: center;
  -ms-flex-align: center;
  align-items: center;
  background: #F8F9FA;
  box-shadow: 0 5px 10px rgba(100,100,100,0.15),0 2px 4px rgba(100,100,100,0.15);
  position: relative;
  z-index: 10;
}

.c1 {
  display: -webkit-box;
  display: -webkit-flex;
  display: -ms-flexbox;
  display: flex;
  -webkit-box-pack: center;
  -webkit-justify-content: center;
  -ms-flex-pack: center;
  justify-content: center;
  -webkit-align-items: center;
  -webkit-box-align: center;
  -ms-flex-align: center;
  align-items: center;
  width: 50px;
  height: 50px;
}

.c1 path {
  opacity: 1;
}

.c1 path:nth-child(1) {
  fill: #A164F9;
}

.c1 path:nth-child(2) {
  opacity: 1;
  fill: #163BD8;
}

.c1 path:nth-child(3) {
  fill: #1D99FF;
}

.c7 {
  -webkit-flex: 1;
  -ms-flex: 1;
  flex: 1;
  display: -webkit-box;
  display: -webkit-flex;
  display: -ms-flexbox;
  display: flex;
  -webkit-box-pack: center;
  -webkit-justify-content: center;
  -ms-flex-pack: center;
  justify-content: center;
  -webkit-align-items: center;
  -webkit-box-align: center;
  -ms-flex-align: center;
  align-items: center;
}

.c2 {
  position: absolute;
  -webkit-clip: rect(0 0 0 0);
  clip: rect(0 0 0 0);
  width: 1px;
  height: 1px;
  margin: -1px;
  overflow: hidden;
}

.c3 {
  display: -webkit-box;
  display: -webkit-flex;
  display: -ms-flexbox;
  display: flex;
  -webkit-box-pack: center;
  -webkit-justify-content: center;
  -ms-flex-pack: center;
  justify-content: center;
  -webkit-align-items: center;
  -webkit-box-align: center;
  -ms-flex-align: center;
  align-items: center;
  width: 250px;
  border-radius: 10px;
  margin-left: 20px;
  padding: 10px;
  border: 1px solid #DEE2E6;
  background: #E9ECEF;
  position: relative;
}

.c4 {
  border: none;
  outline: none;
  -webkit-flex: 1;
  -ms-flex: 1;
  flex: 1;
  font-size: 16px;
  color: #212529;
  background: #E9ECEF;
}

.c5 {
  width: 20px;
  height: 20px;
  color: #212529;
  cursor: pointer;
}

.c5:hover,
.c5:active {
  opacity: 0.6;
}

.c6 {
  display: none;
  position: absolute;
  top: 45px;
  background: #E9ECEF;
  width: 100%;
  height: 0px;
  border-radius: 10px;
  z-index: 10;
  box-shadow: 0 5px 10px rgba(100,100,100,0.15),0 2px 4px rgba(100,100,100,0.15);
  padding: 10px 20px;
  box-sizing: border-box;
  -webkit-flex-direction: column;
  -ms-flex-direction: column;
  flex-direction: column;
  -webkit-box-pack: space-around;
  -webkit-justify-content: space-around;
  -ms-flex-pack: space-around;
  justify-content: space-around;
}

.c8 {
  display: -webkit-box;
  display: -webkit-flex;
  display: -ms-flexbox;
  display: flex;
  -webkit-flex-direction: row;
  -ms-flex-direction: row;
  flex-direction: row;
  -webkit-flex: 1;
  -ms-flex: 1;
  flex: 1;
}

.c9 {
  height: 30px;
  width: 100px;
  display: -webkit-box;
  display: -webkit-flex;
  display: -ms-flexbox;
  display: flex;
  -webkit-align-items: center;
  -webkit-box-align: center;
  -ms-flex-align: center;
  align-items: center;
  -webkit-box-pack: center;
  -webkit-justify-content: center;
  -ms-flex-pack: center;
  justify-content: center;
}

.c10 {
  color: #212529;
  -webkit-text-decoration: none;
  text-decoration: none;
  font-size: 20px;
  text-transform: capitalize;
}

.c10:hover {
  opacity: 0.6;
}

.c10.active {
  font-weight: bold;
  -webkit-text-decoration: underline;
  text-decoration: underline;
}

<div>
  <header
    class="c0"
  >
    <h1
      class=""
    >
      <a
        href="/"
      >
        <svg
          class="c1"
        >
          logo.svg
        </svg>
        <span
          class="c2"
        >
          페이히어
        </span>
      </a>
    </h1>
    <form
      class="c3"
    >
      <input
        autocomplete="off"
        class="c4"
        placeholder="검색어를 입력해주세요"
        type="text"
        value=""
      />
      <svg
        class="c5"
        data-testid="icon"
        fill="none"
        height="1em"
        stroke="currentColor"
        stroke-linecap="round"
        stroke-linejoin="round"
        stroke-width="2"
        viewBox="0 0 24 24"
        width="1em"
        xmlns="http://www.w3.org/2000/svg"
      >
        <circle
          cx="11"
          cy="11"
          r="8"
        />
        <line
          x1="21"
          x2="16.65"
          y1="21"
          y2="16.65"
        />
      </svg>
      <ul
        class="c6"
      />
    </form>
    <nav
      class="c7"
    >
      <ul
        class="c8"
      >
        <li
          class="c9"
        >
          <a
            aria-current="page"
            class="c10 active"
            href="/"
          >
            issue
          </a>
        </li>
        <li
          class="c9"
        >
          <a
            class="c10"
            href="/repositories"
          >
            repositories
          </a>
        </li>
        <li
          class="c9"
        >
          <a
            class="c10"
            href="/settings"
          >
            settings
          </a>
        </li>
      </ul>
    </nav>
  </header>
</div>
`;
