// Jest Snapshot v1, https://goo.gl/fbAQLP

exports[`<Item /> 정상적으로 렌더링되는지 확인한다 1`] = `
.c0 {
  display: -webkit-box;
  display: -webkit-flex;
  display: -ms-flexbox;
  display: flex;
  -webkit-flex-direction: column;
  -ms-flex-direction: column;
  flex-direction: column;
  background: #FFFFFF;
  border: 1px solid #DEE2E6;
  border-radius: 10px;
  padding: 20px 10px;
}

.c2 {
  display: -webkit-box;
  display: -webkit-flex;
  display: -ms-flexbox;
  display: flex;
  -webkit-flex-direction: column;
  -ms-flex-direction: column;
  flex-direction: column;
  gap: 5px;
}

.c1 {
  color: #495057;
  font-weight: bold;
  font-size: 14px;
}

.c5 {
  color: #495057;
  font-weight: bold;
  font-size: 14px;
}

.c3 {
  color: #216fdb;
  font-weight: bold;
  cursor: pointer;
}

.c4 {
  color: #212529;
  font-size: 14px;
  max-height: 40px;
  overflow: hidden;
  text-overflow: ellipsis;
  -webkit-line-clamp: 3;
  -webkit-box-orient: vertical;
}

.c6 {
  color: #495057;
  font-size: 12px;
}

<div>
  <li
    class="c0"
  >
    <div
      class="c1"
    />
    <div
      class="c2"
    >
      <h4
        class="c3"
      >
        title
      </h4>
      <p
        class="c4"
      />
    </div>
    <div
      class="c5"
    />
    <div
      class="c6"
    >
      meta
    </div>
  </li>
</div>
`;
